[2026.06.17-10.19.15:869][  0][GameThread]LogConfig: Setting CVar [[r.RayTracing:1]]
[2026.06.17-10.19.15:869][  0][GameThread]LogConfig: Setting CVar [[r.RayTracing.Enable:1]]
[2026.06.17-10.19.15:869][  0][GameThread]LogConfig: Setting CVar [[r.RayTracing.UseTextureLod:0]]
[2026.06.17-10.19.15:869][  0][GameThread]LogConfig: Setting CVar [[r.RayTracing.ForceAllRayTracingEffects:1]]
[2026.06.17-10.19.15:869][  0][GameThread]LogConfig: Setting CVar [[r.RayTracing.SceneCaptures:1]]
[2026.06.17-10.19.15:869][  0][GameThread]LogConfig: Setting CVar [[r.RayTracing.AsyncBuild:1]]
[2026.06.17-10.19.15:869][  0][GameThread]LogConfig: Setting CVar [[r.RayTracing.Shadows:1]]
[2026.06.17-10.19.15:869][  0][GameThread]LogConfig: Setting CVar [[r.RTRCEnableConvolution:1]]
[2026.06.17-10.19.15:869][  0][GameThread]LogInit: Warning: Creating unregistered Device Profile CVar: [[r.GBufferDiffuseSampleOcclusion:1]]
[2026.06.17-10.19.15:869][  0][GameThread]LogConsoleManager: Warning: Setting the console variable 'unknown?' with 'SetByProjectSetting' was ignored as it is lower priority than the previous 'SetByDeviceProfile'. Value remains '1'
[2026.06.17-10.19.15:869][  0][GameThread]LogInit: Warning: Creating unregistered Device Profile CVar: [[r.DynamicGlobalIlluminationMethod:1]]
[2026.06.17-10.19.15:869][  0][GameThread]LogConfig: Setting CVar [[r.Lumen.DiffuseIndirect.Allow:1]]
[2026.06.17-10.19.15:869][  0][GameThread]LogConfig: Setting CVar [[r.Lumen.HardwareRayTracing.LightingMode:1]]
[2026.06.17-10.19.15:869][  0][GameThread]LogConfig: Setting CVar [[r.Lumen.ScreenProbeGather:1]]
[2026.06.17-10.19.15:869][  0][GameThread]LogConfig: Setting CVar [[r.Lumen.ScreenProbeGather.ScreenTraces:1]]
[2026.06.17-10.19.15:869][  0][GameThread]LogConfig: Setting CVar [[r.Lumen.ScreenProbeGather.ScreenTraces.HZBTraversal:1]]
[2026.06.17-10.19.15:869][  0][GameThread]LogConfig: Setting CVar [[r.Lumen.ScreenProbeGather.ScreenTraces.HZBTraversal.FullResDepth:1]]
[2026.06.17-10.19.15:869][  0][GameThread]LogConfig: Setting CVar [[r.Lumen.ScreenProbeGather.ImportanceSample:1]]
[2026.06.17-10.19.15:869][  0][GameThread]LogConfig: Setting CVar [[r.Lumen.ScreenProbeGather.ImportanceSample.IncomingLighting:1]]
[2026.06.17-10.19.15:869][  0][GameThread]LogConfig: Setting CVar [[r.Lumen.ScreenProbeGather.ImportanceSample.ProbeRadianceHistory:1]]
[2026.06.17-10.19.15:869][  0][GameThread]LogConfig: Setting CVar [[r.Lumen.ScreenProbeGather.DiffuseIntegralMethod:2]]
[2026.06.17-10.19.15:869][  0][GameThread]LogConfig: Setting CVar [[r.Lumen.Reflections.Allow:1]]
[2026.06.17-10.19.15:869][  0][GameThread]LogConfig: Setting CVar [[r.Lumen.Reflections.ScreenTraces:1]]
[2026.06.17-10.19.15:869][  0][GameThread]LogConfig: Setting CVar [[r.Lumen.Reflections.HardwareRayTracing:1]]
[2026.06.17-10.19.15:869][  0][GameThread]LogConfig: Setting CVar [[r.Lumen.Reflections.HardwareRayTracing.BucketMaterials:1]]
[2026.06.17-10.19.15:869][  0][GameThread]LogConfig: Setting CVar [[r.Lumen.Reflections.TraceCompaction.WaveOps:1]]
[2026.06.17-10.19.15:869][  0][GameThread]LogConfig: Setting CVar [[r.Lumen.Reflections.ScreenSpaceReconstruction:1]]
[2026.06.17-10.19.15:869][  0][GameThread]LogConfig: Setting CVar [[r.Lumen.Reflections.BilateralFilter:1]]
[2026.06.17-10.19.15:869][  0][GameThread]LogConfig: Setting CVar [[r.Lumen.Reflections.SurfaceCacheFeedback:1]]
[2026.06.17-10.19.15:869][  0][GameThread]LogConfig: Setting CVar [[r.Lumen.Reflections.DownsampleFactor:1]]
[2026.06.17-10.19.15:869][  0][GameThread]LogConfig: Setting CVar [[r.Lumen.Reflections.WaterDownsampleFactor:1]]
[2026.06.17-10.19.15:869][  0][GameThread]LogConfig: Setting CVar [[r.Lumen.Reflections.SmoothBias:0.0]]
[2026.06.17-10.19.15:869][  0][GameThread]LogConfig: Setting CVar [[r.Lumen.Reflections.HierarchicalScreenTraces.MaxIterations:128]]
[2026.06.17-10.19.15:869][  0][GameThread]LogConfig: Setting CVar [[r.Lumen.Reflections.MaxRoughnessToTrace:0.60]]
[2026.06.17-10.19.15:869][  0][GameThread]LogConfig: Setting CVar [[r.Lumen.Reflections.MaxBounces:2]]
[2026.06.17-10.19.15:869][  0][GameThread]LogConfig: Setting CVar [[r.Lumen.Reflections.Temporal.NeighborhoodClampScale:4.0]]
[2026.06.17-10.19.15:869][  0][GameThread]LogConfig: Setting CVar [[r.Lumen.Reflections.Temporal.MaxFramesAccumulated:16]]
[2026.06.17-10.19.15:869][  0][GameThread]LogConfig: Setting CVar [[r.Lumen.Reflections.MaxRoughnessToTraceForFoliage:0.60]]
[2026.06.17-10.19.15:869][  0][GameThread]LogConfig: Setting CVar [[r.Lumen.Reflections.MaxRoughnessToTraceClamp:0.60]]
[2026.06.17-10.19.15:869][  0][GameThread]LogConfig: Setting CVar [[r.Lumen.Reflections.AsyncCompute:1]]
[2026.06.17-10.19.15:869][  0][GameThread]LogConfig: Setting CVar [[r.Lumen.Reflections.RadianceCache:1]]
[2026.06.17-10.19.15:869][  0][GameThread]LogConfig: Setting CVar [[r.Lumen.ScreenProbeGather.RadianceCache:1]]
[2026.06.17-10.19.15:869][  0][GameThread]LogConfig: Setting CVar [[r.Lumen.ScreenProbeGather.DownsampleFactor:1]]
[2026.06.17-10.19.15:869][  0][GameThread]LogConfig: Setting CVar [[r.Lumen.ScreenProbeGather.TracingOctahedronResolution:32]]
[2026.06.17-10.19.15:869][  0][GameThread]LogConfig: Setting CVar [[r.Lumen.ScreenProbeGather.RadianceCache.ProbeResolution:128]]
[2026.06.17-10.19.15:869][  0][GameThread]LogConfig: Setting CVar [[r.Lumen.ScreenProbeGather.RadianceCache.NumProbesToTraceBudget:4096]]
[2026.06.17-10.19.15:869][  0][GameThread]LogConfig: Setting CVar [[r.Lumen.ScreenProbeGather.RadianceCache.GridResolution:64]]
[2026.06.17-10.19.15:869][  0][GameThread]LogConfig: Setting CVar [[r.Lumen.ScreenProbeGather.Temporal.DistanceThreshold:0.05]]
[2026.06.17-10.19.15:869][  0][GameThread]LogConfig: Setting CVar [[r.Lumen.ScreenProbeGather.Temporal.MaxFramesAccumulated:16]]
[2026.06.17-10.19.15:869][  0][GameThread]LogConfig: Setting CVar [[r.Lumen.ScreenProbeGather.ReferenceMode:0]]
[2026.06.17-10.19.15:869][  0][GameThread]LogConfig: Setting CVar [[r.Lumen.ScreenProbeGather.SpatialFilterNumPasses:2]]
[2026.06.17-10.19.15:869][  0][GameThread]LogConfig: Setting CVar [[r.Lumen.ScreenProbeGather.MaxRayIntensity:20.0]]
[2026.06.17-10.19.15:869][  0][GameThread]LogConfig: Setting CVar [[r.Lumen.ScreenProbeGather.ScreenTraces.HZBTraversal.RelativeDepthThickness:0.01]]
[2026.06.17-10.19.15:869][  0][GameThread]LogConfig: Setting CVar [[r.Lumen.ScreenProbeGather.StochasticInterpolation:0]]
[2026.06.17-10.19.15:869][  0][GameThread]LogConfig: Setting CVar [[r.Lumen.ScreenProbeGather.IrradianceFormat:1]]
[2026.06.17-10.19.15:869][  0][GameThread]LogConfig: Setting CVar [[r.Lumen.RadianceCache.Update:1]]
[2026.06.17-10.19.15:869][  0][GameThread]LogConfig: Setting CVar [[r.Lumen.RadianceCache.HardwareRayTracing:1]]
[2026.06.17-10.19.15:869][  0][GameThread]LogConfig: Setting CVar [[r.Lumen.RadianceCache.SortTraceTiles:1]]
[2026.06.17-10.19.15:869][  0][GameThread]LogConfig: Setting CVar [[r.Lumen.RadianceCache.SpatialFilterProbes:1]]
[2026.06.17-10.19.15:869][  0][GameThread]LogConfig: Setting CVar [[r.Lumen.TranslucencyReflections.FrontLayer.Allow:1]]
[2026.06.17-10.19.15:869][  0][GameThread]LogConfig: Setting CVar [[r.Lumen.TranslucencyReflections.FrontLayer.DownsampleFactor:1]]
[2026.06.17-10.19.15:869][  0][GameThread]LogConfig: Setting CVar [[r.Lumen.HardwareRayTracing.MaxIterations:256]]
[2026.06.17-10.19.15:869][  0][GameThread]LogConfig: Setting CVar [[r.MegaLights.HardwareRayTracing:1]]
